I'm sorry, but errors were detected in your script. Please correct the
errors listed below, and try again.


File "game/combatsystem.rpy", line 75: expected 'comma or end of line' not found.
    zorder 1
    ^

Ren'Py Version: Ren'Py 6.99.12.3.2123
